../Core/Src/main.c:82:5:main	16	static
../Core/Src/main.c:127:6:SystemClock_Config	88	static
../Core/Src/main.c:175:13:MX_USART2_UART_Init	8	static
../Core/Src/main.c:208:13:MX_GPIO_Init	48	static
../Core/Src/main.c:255:6:printHexByte	48	static
../Core/Src/main.c:270:6:printabytes	24	static
../Core/Src/main.c:281:5:gbuffer	16	static
../Core/Src/main.c:288:5:findNextStartCondition	16	static
../Core/Src/main.c:299:5:acquire_data	32	static
../Core/Src/main.c:333:10:millis	4	static
../Core/Src/main.c:340:6:SysTick_Handler	8	static
../Core/Src/main.c:355:9:sample	16	static
../Core/Src/main.c:363:6:display_data	160	static
../Core/Src/main.c:451:6:Error_Handler	4	static,ignoring_inline_asm
