../Core/Src/main.c:84:5:main	16	static
../Core/Src/main.c:131:6:SystemClock_Config	88	static
../Core/Src/main.c:179:13:MX_USART1_UART_Init	8	static
../Core/Src/main.c:212:13:MX_USART2_UART_Init	8	static
../Core/Src/main.c:245:13:MX_GPIO_Init	48	static
../Core/Src/main.c:292:6:printHexByte	48	static
../Core/Src/main.c:307:6:printabytes	24	static
../Core/Src/main.c:318:5:gbuffer	16	static
../Core/Src/main.c:325:5:findNextStartCondition	16	static
../Core/Src/main.c:336:5:acquire_data	32	static
../Core/Src/main.c:370:10:millis	4	static
../Core/Src/main.c:381:9:sample	16	static
../Core/Src/main.c:389:6:display_data	168	static
../Core/Src/main.c:470:6:HAL_UART_RxCpltCallback	16	static
../Core/Src/main.c:483:6:Error_Handler	4	static,ignoring_inline_asm
